max int 32: 2147483647
max unsigned int 32: 4294967295
